[mascercadelasnubes.vercel.app/index.html]
[mascercadelasnubes.vercel.app/_next/static/media/a34f9d1faa5f3315-s.p.woff2]
[mascercadelasnubes.vercel.app/_next/static/media/dcc209c0b1ab30af-s.p.woff2]
[mascercadelasnubes.vercel.app/_next/static/css/070f31be56149d9080b3.css]
[mascercadelasnubes.vercel.app/_next/static/chunks/webpack-c7be3484721c516a80b3.js]
[mascercadelasnubes.vercel.app/_next/static/chunks/4bd1b696-5b6c0ccbd3c0c9ab80b3.js]
[mascercadelasnubes.vercel.app/_next/static/chunks/684-1d723ba97ff9085a80b3.js]
[mascercadelasnubes.vercel.app/_next/static/chunks/main-app-c9779a9cf3f89b5e80b3.js]
[backblue.gif]
[fade.gif]
[index.html]
[mascercadelasnubes.vercel.app/_next/static/chunks/app/page-ea5ed8acee940c8580b3.js]
[mascercadelasnubes.vercel.app/_next/static/chunks/polyfills-42372ed130431b0a80b3.js]
[mascercadelasnubes.vercel.app/'/colombian-mountains-valleys.9.delayed]
[mascercadelasnubes.vercel.app/colombian-mountains-valleys.png]
[mascercadelasnubes.vercel.app/index.html]
[mascercadelasnubes.vercel.app/_next/static/css/070f31be56149d9080b3.css]
[mascercadelasnubes.vercel.app/'/404]
